[2022-02-18T21:21:39.214+0700][gc,heap] Heap region size: 1M
[2022-02-18T21:21:39.220+0700][gc     ] Using G1
[2022-02-18T21:21:39.220+0700][gc,heap,coops] Heap address: 0x00000000c0000000, size: 1024 MB, Compressed Oops mode: 32-bit
[2022-02-18T21:21:41.078+0700][gc,start     ] GC(0) Pause Young (Normal) (G1 Evacuation Pause)
[2022-02-18T21:21:41.078+0700][gc,task      ] GC(0) Using 1 workers of 1 for evacuation
[2022-02-18T21:21:41.097+0700][gc,phases    ] GC(0)   Pre Evacuate Collection Set: 0.0ms
[2022-02-18T21:21:41.097+0700][gc,phases    ] GC(0)   Evacuate Collection Set: 18.6ms
[2022-02-18T21:21:41.097+0700][gc,phases    ] GC(0)   Post Evacuate Collection Set: 0.4ms
[2022-02-18T21:21:41.097+0700][gc,phases    ] GC(0)   Other: 0.1ms
[2022-02-18T21:21:41.097+0700][gc,heap      ] GC(0) Eden regions: 51->0(44)
[2022-02-18T21:21:41.097+0700][gc,heap      ] GC(0) Survivor regions: 0->7(7)
[2022-02-18T21:21:41.097+0700][gc,heap      ] GC(0) Old regions: 0->0
[2022-02-18T21:21:41.097+0700][gc,heap      ] GC(0) Humongous regions: 0->0
[2022-02-18T21:21:41.097+0700][gc,metaspace ] GC(0) Metaspace: 15472K->15472K(1062912K)
[2022-02-18T21:21:41.097+0700][gc           ] GC(0) Pause Young (Normal) (G1 Evacuation Pause) 51M->6M(1024M) 19.335ms
[2022-02-18T21:21:41.097+0700][gc,cpu       ] GC(0) User=0.01s Sys=0.00s Real=0.02s
[2022-02-18T21:21:41.550+0700][gc,start     ] GC(1) Pause Young (Concurrent Start) (Metadata GC Threshold)
[2022-02-18T21:21:41.550+0700][gc,task      ] GC(1) Using 1 workers of 1 for evacuation
[2022-02-18T21:21:41.563+0700][gc,phases    ] GC(1)   Pre Evacuate Collection Set: 0.1ms
[2022-02-18T21:21:41.564+0700][gc,phases    ] GC(1)   Evacuate Collection Set: 12.7ms
[2022-02-18T21:21:41.564+0700][gc,phases    ] GC(1)   Post Evacuate Collection Set: 0.2ms
[2022-02-18T21:21:41.564+0700][gc,phases    ] GC(1)   Other: 0.2ms
[2022-02-18T21:21:41.564+0700][gc,heap      ] GC(1) Eden regions: 21->0(50)
[2022-02-18T21:21:41.564+0700][gc,heap      ] GC(1) Survivor regions: 7->1(7)
[2022-02-18T21:21:41.564+0700][gc,heap      ] GC(1) Old regions: 0->7
[2022-02-18T21:21:41.564+0700][gc,heap      ] GC(1) Humongous regions: 0->0
[2022-02-18T21:21:41.564+0700][gc,metaspace ] GC(1) Metaspace: 20476K->20476K(1067008K)
[2022-02-18T21:21:41.564+0700][gc           ] GC(1) Pause Young (Concurrent Start) (Metadata GC Threshold) 27M->7M(1024M) 13.497ms
[2022-02-18T21:21:41.564+0700][gc,cpu       ] GC(1) User=0.01s Sys=0.00s Real=0.02s
[2022-02-18T21:21:41.564+0700][gc           ] GC(2) Concurrent Cycle
[2022-02-18T21:21:41.564+0700][gc,marking   ] GC(2) Concurrent Clear Claimed Marks
[2022-02-18T21:21:41.564+0700][gc,marking   ] GC(2) Concurrent Clear Claimed Marks 0.045ms
[2022-02-18T21:21:41.564+0700][gc,marking   ] GC(2) Concurrent Scan Root Regions
[2022-02-18T21:21:41.565+0700][gc,marking   ] GC(2) Concurrent Scan Root Regions 0.919ms
[2022-02-18T21:21:41.565+0700][gc,marking   ] GC(2) Concurrent Mark (2.353s)
[2022-02-18T21:21:41.565+0700][gc,marking   ] GC(2) Concurrent Mark From Roots
[2022-02-18T21:21:41.565+0700][gc,task      ] GC(2) Using 1 workers of 1 for marking
[2022-02-18T21:21:41.581+0700][gc,marking   ] GC(2) Concurrent Mark From Roots 16.277ms
[2022-02-18T21:21:41.581+0700][gc,marking   ] GC(2) Concurrent Preclean
[2022-02-18T21:21:41.581+0700][gc,marking   ] GC(2) Concurrent Preclean 0.080ms
[2022-02-18T21:21:41.581+0700][gc,marking   ] GC(2) Concurrent Mark (2.353s, 2.369s) 16.484ms
[2022-02-18T21:21:41.582+0700][gc,start     ] GC(2) Pause Remark
[2022-02-18T21:21:41.585+0700][gc,stringtable] GC(2) Cleaned string and symbol table, strings: 8934 processed, 0 removed, symbols: 50786 processed, 58 removed
[2022-02-18T21:21:41.585+0700][gc            ] GC(2) Pause Remark 8M->8M(1024M) 3.263ms
[2022-02-18T21:21:41.585+0700][gc,cpu        ] GC(2) User=0.00s Sys=0.00s Real=0.01s
[2022-02-18T21:21:41.587+0700][gc,marking    ] GC(2) Concurrent Rebuild Remembered Sets
[2022-02-18T21:21:41.621+0700][gc,marking    ] GC(2) Concurrent Rebuild Remembered Sets 33.574ms
[2022-02-18T21:21:41.625+0700][gc,start      ] GC(2) Pause Cleanup
[2022-02-18T21:21:41.625+0700][gc            ] GC(2) Pause Cleanup 8M->8M(1024M) 0.244ms
[2022-02-18T21:21:41.625+0700][gc,cpu        ] GC(2) User=0.00s Sys=0.00s Real=0.00s
[2022-02-18T21:21:41.625+0700][gc,marking    ] GC(2) Concurrent Cleanup for Next Mark
[2022-02-18T21:21:41.666+0700][gc,marking    ] GC(2) Concurrent Cleanup for Next Mark 41.263ms
[2022-02-18T21:21:41.667+0700][gc            ] GC(2) Concurrent Cycle 102.761ms
[2022-02-18T21:21:43.038+0700][gc,start      ] GC(3) Pause Young (Normal) (G1 Evacuation Pause)
[2022-02-18T21:21:43.038+0700][gc,task       ] GC(3) Using 1 workers of 1 for evacuation
[2022-02-18T21:21:43.058+0700][gc,phases     ] GC(3)   Pre Evacuate Collection Set: 0.0ms
[2022-02-18T21:21:43.058+0700][gc,phases     ] GC(3)   Evacuate Collection Set: 19.1ms
[2022-02-18T21:21:43.058+0700][gc,phases     ] GC(3)   Post Evacuate Collection Set: 0.2ms
[2022-02-18T21:21:43.058+0700][gc,phases     ] GC(3)   Other: 0.2ms
[2022-02-18T21:21:43.058+0700][gc,heap       ] GC(3) Eden regions: 50->0(46)
[2022-02-18T21:21:43.058+0700][gc,heap       ] GC(3) Survivor regions: 1->5(7)
[2022-02-18T21:21:43.058+0700][gc,heap       ] GC(3) Old regions: 7->7
[2022-02-18T21:21:43.058+0700][gc,heap       ] GC(3) Humongous regions: 129->129
[2022-02-18T21:21:43.058+0700][gc,metaspace  ] GC(3) Metaspace: 29083K->29083K(1075200K)
[2022-02-18T21:21:43.058+0700][gc            ] GC(3) Pause Young (Normal) (G1 Evacuation Pause) 186M->140M(1024M) 19.726ms
[2022-02-18T21:21:43.058+0700][gc,cpu        ] GC(3) User=0.00s Sys=0.00s Real=0.02s
[2022-02-18T21:21:43.777+0700][gc,start      ] GC(4) Pause Young (Concurrent Start) (Metadata GC Threshold)
[2022-02-18T21:21:43.777+0700][gc,task       ] GC(4) Using 1 workers of 1 for evacuation
[2022-02-18T21:21:43.789+0700][gc,phases     ] GC(4)   Pre Evacuate Collection Set: 0.1ms
[2022-02-18T21:21:43.789+0700][gc,phases     ] GC(4)   Evacuate Collection Set: 10.7ms
[2022-02-18T21:21:43.789+0700][gc,phases     ] GC(4)   Post Evacuate Collection Set: 0.2ms
[2022-02-18T21:21:43.789+0700][gc,phases     ] GC(4)   Other: 0.2ms
[2022-02-18T21:21:43.789+0700][gc,heap       ] GC(4) Eden regions: 25->0(45)
[2022-02-18T21:21:43.789+0700][gc,heap       ] GC(4) Survivor regions: 5->6(7)
[2022-02-18T21:21:43.789+0700][gc,heap       ] GC(4) Old regions: 7->8
[2022-02-18T21:21:43.789+0700][gc,heap       ] GC(4) Humongous regions: 129->129
[2022-02-18T21:21:43.789+0700][gc,metaspace  ] GC(4) Metaspace: 34442K->34442K(1081344K)
[2022-02-18T21:21:43.789+0700][gc            ] GC(4) Pause Young (Concurrent Start) (Metadata GC Threshold) 164M->141M(1024M) 11.367ms
[2022-02-18T21:21:43.789+0700][gc,cpu        ] GC(4) User=0.01s Sys=0.00s Real=0.01s
[2022-02-18T21:21:43.789+0700][gc            ] GC(5) Concurrent Cycle
[2022-02-18T21:21:43.794+0700][gc,marking    ] GC(5) Concurrent Clear Claimed Marks
[2022-02-18T21:21:43.794+0700][gc,marking    ] GC(5) Concurrent Clear Claimed Marks 0.159ms
[2022-02-18T21:21:43.795+0700][gc,marking    ] GC(5) Concurrent Scan Root Regions
[2022-02-18T21:21:43.798+0700][gc,marking    ] GC(5) Concurrent Scan Root Regions 2.791ms
[2022-02-18T21:21:43.798+0700][gc,marking    ] GC(5) Concurrent Mark (4.586s)
[2022-02-18T21:21:43.798+0700][gc,marking    ] GC(5) Concurrent Mark From Roots
[2022-02-18T21:21:43.798+0700][gc,task       ] GC(5) Using 1 workers of 1 for marking
[2022-02-18T21:21:43.847+0700][gc,marking    ] GC(5) Concurrent Mark From Roots 49.013ms
[2022-02-18T21:21:43.847+0700][gc,marking    ] GC(5) Concurrent Preclean
[2022-02-18T21:21:43.847+0700][gc,marking    ] GC(5) Concurrent Preclean 0.057ms
[2022-02-18T21:21:43.847+0700][gc,marking    ] GC(5) Concurrent Mark (4.586s, 4.635s) 49.154ms
[2022-02-18T21:21:43.847+0700][gc,start      ] GC(5) Pause Remark
[2022-02-18T21:21:43.856+0700][gc,stringtable] GC(5) Cleaned string and symbol table, strings: 14502 processed, 12 removed, symbols: 84035 processed, 16 removed
[2022-02-18T21:21:43.856+0700][gc            ] GC(5) Pause Remark 146M->146M(1024M) 8.708ms
[2022-02-18T21:21:43.856+0700][gc,cpu        ] GC(5) User=0.01s Sys=0.00s Real=0.01s
[2022-02-18T21:21:43.856+0700][gc,marking    ] GC(5) Concurrent Rebuild Remembered Sets
[2022-02-18T21:21:43.883+0700][gc,marking    ] GC(5) Concurrent Rebuild Remembered Sets 26.996ms
[2022-02-18T21:21:43.883+0700][gc,start      ] GC(5) Pause Cleanup
[2022-02-18T21:21:43.883+0700][gc            ] GC(5) Pause Cleanup 149M->149M(1024M) 0.122ms
[2022-02-18T21:21:43.883+0700][gc,cpu        ] GC(5) User=0.00s Sys=0.00s Real=0.00s
[2022-02-18T21:21:43.883+0700][gc,marking    ] GC(5) Concurrent Cleanup for Next Mark
[2022-02-18T21:21:43.951+0700][gc,marking    ] GC(5) Concurrent Cleanup for Next Mark 68.222ms
[2022-02-18T21:21:43.952+0700][gc            ] GC(5) Concurrent Cycle 162.750ms
[2022-02-18T21:38:02.439+0700][gc,start      ] GC(6) Pause Young (Concurrent Start) (G1 Evacuation Pause)
[2022-02-18T21:38:02.440+0700][gc,task       ] GC(6) Using 1 workers of 1 for evacuation
[2022-02-18T21:38:02.478+0700][gc,mmu        ] GC(6) MMU target violated: 21.0ms (20.0ms/21.0ms)
[2022-02-18T21:38:02.479+0700][gc,phases     ] GC(6)   Pre Evacuate Collection Set: 0.3ms
[2022-02-18T21:38:02.479+0700][gc,phases     ] GC(6)   Evacuate Collection Set: 37.8ms
[2022-02-18T21:38:02.479+0700][gc,phases     ] GC(6)   Post Evacuate Collection Set: 0.4ms
[2022-02-18T21:38:02.479+0700][gc,phases     ] GC(6)   Other: 1.3ms
[2022-02-18T21:38:02.479+0700][gc,heap       ] GC(6) Eden regions: 45->0(47)
[2022-02-18T21:38:02.479+0700][gc,heap       ] GC(6) Survivor regions: 6->4(7)
[2022-02-18T21:38:02.479+0700][gc,heap       ] GC(6) Old regions: 8->11
[2022-02-18T21:38:02.479+0700][gc,heap       ] GC(6) Humongous regions: 129->129
[2022-02-18T21:38:02.479+0700][gc,metaspace  ] GC(6) Metaspace: 40962K->40962K(1085440K)
[2022-02-18T21:38:02.479+0700][gc            ] GC(6) Pause Young (Concurrent Start) (G1 Evacuation Pause) 186M->143M(1024M) 39.840ms
[2022-02-18T21:38:02.479+0700][gc,cpu        ] GC(6) User=0.01s Sys=0.01s Real=0.04s
[2022-02-18T21:38:02.479+0700][gc            ] GC(7) Concurrent Cycle
[2022-02-18T21:38:02.479+0700][gc,marking    ] GC(7) Concurrent Clear Claimed Marks
[2022-02-18T21:38:02.479+0700][gc,marking    ] GC(7) Concurrent Clear Claimed Marks 0.220ms
[2022-02-18T21:38:02.479+0700][gc,marking    ] GC(7) Concurrent Scan Root Regions
[2022-02-18T21:38:02.507+0700][gc,marking    ] GC(7) Concurrent Scan Root Regions 27.799ms
[2022-02-18T21:38:02.507+0700][gc,marking    ] GC(7) Concurrent Mark (983.295s)
[2022-02-18T21:38:02.507+0700][gc,marking    ] GC(7) Concurrent Mark From Roots
[2022-02-18T21:38:02.507+0700][gc,task       ] GC(7) Using 1 workers of 1 for marking
[2022-02-18T21:38:02.590+0700][gc,marking    ] GC(7) Concurrent Mark From Roots 83.522ms
[2022-02-18T21:38:02.592+0700][gc,marking    ] GC(7) Concurrent Preclean
[2022-02-18T21:38:02.592+0700][gc,marking    ] GC(7) Concurrent Preclean 0.168ms
[2022-02-18T21:38:02.592+0700][gc,marking    ] GC(7) Concurrent Mark (983.295s, 983.380s) 85.031ms
[2022-02-18T21:38:02.592+0700][gc,start      ] GC(7) Pause Remark
[2022-02-18T21:38:02.632+0700][gc,stringtable] GC(7) Cleaned string and symbol table, strings: 15785 processed, 333 removed, symbols: 90664 processed, 5 removed
[2022-02-18T21:38:02.632+0700][gc,mmu        ] GC(7) MMU target violated: 21.0ms (20.0ms/21.0ms)
[2022-02-18T21:38:02.632+0700][gc            ] GC(7) Pause Remark 145M->145M(1024M) 40.244ms
[2022-02-18T21:38:02.632+0700][gc,cpu        ] GC(7) User=0.02s Sys=0.00s Real=0.04s
[2022-02-18T21:38:02.633+0700][gc,marking    ] GC(7) Concurrent Rebuild Remembered Sets
[2022-02-18T21:38:02.681+0700][gc,marking    ] GC(7) Concurrent Rebuild Remembered Sets 47.711ms
[2022-02-18T21:38:02.681+0700][gc,start      ] GC(7) Pause Cleanup
[2022-02-18T21:38:02.682+0700][gc            ] GC(7) Pause Cleanup 146M->146M(1024M) 0.775ms
[2022-02-18T21:38:02.682+0700][gc,cpu        ] GC(7) User=0.00s Sys=0.00s Real=0.00s
[2022-02-18T21:38:02.682+0700][gc,marking    ] GC(7) Concurrent Cleanup for Next Mark
[2022-02-18T21:38:02.703+0700][gc,marking    ] GC(7) Concurrent Cleanup for Next Mark 20.436ms
[2022-02-18T21:38:02.703+0700][gc            ] GC(7) Concurrent Cycle 224.093ms
