[2022-02-18T21:10:58.521+0700][gc,heap] Heap region size: 1M
[2022-02-18T21:10:58.527+0700][gc     ] Using G1
[2022-02-18T21:10:58.527+0700][gc,heap,coops] Heap address: 0x00000000e0000000, size: 512 MB, Compressed Oops mode: 32-bit
[2022-02-18T21:10:59.777+0700][gc,start     ] GC(0) Pause Young (Normal) (G1 Evacuation Pause)
[2022-02-18T21:10:59.778+0700][gc,task      ] GC(0) Using 1 workers of 1 for evacuation
[2022-02-18T21:10:59.792+0700][gc,phases    ] GC(0)   Pre Evacuate Collection Set: 0.0ms
[2022-02-18T21:10:59.792+0700][gc,phases    ] GC(0)   Evacuate Collection Set: 14.4ms
[2022-02-18T21:10:59.792+0700][gc,phases    ] GC(0)   Post Evacuate Collection Set: 0.3ms
[2022-02-18T21:10:59.792+0700][gc,phases    ] GC(0)   Other: 0.2ms
[2022-02-18T21:10:59.792+0700][gc,heap      ] GC(0) Eden regions: 25->0(21)
[2022-02-18T21:10:59.792+0700][gc,heap      ] GC(0) Survivor regions: 0->4(4)
[2022-02-18T21:10:59.792+0700][gc,heap      ] GC(0) Old regions: 0->4
[2022-02-18T21:10:59.792+0700][gc,heap      ] GC(0) Humongous regions: 0->0
[2022-02-18T21:10:59.792+0700][gc,metaspace ] GC(0) Metaspace: 7830K->7830K(1056768K)
[2022-02-18T21:10:59.792+0700][gc           ] GC(0) Pause Young (Normal) (G1 Evacuation Pause) 25M->7M(512M) 14.905ms
[2022-02-18T21:10:59.792+0700][gc,cpu       ] GC(0) User=0.01s Sys=0.00s Real=0.02s
